  console.error
    NotFoundException: Bimbingan tidak ditemukan untuk mahasiswa ini
        at ProgressService.addProgressOnline (C:\Users\hp\Documents\coolyeah\semester 7\PPSI\bimta-backend\src\progress\progress.service.ts:27:23)
        at ProgressController.addProgressOnline (C:\Users\hp\Documents\coolyeah\semester 7\PPSI\bimta-backend\src\progress\progress.controller.ts:23:16) {
      response: {
        message: 'Bimbingan tidak ditemukan untuk mahasiswa ini',
        error: 'Not Found',
        statusCode: 404
      },
      status: 404,
      options: {}
    }

    [0m [90m 51 |[39m             [36mreturn[39m submit[33m;[39m
     [90m 52 |[39m         } [36mcatch[39m (error) {
    [31m[1m>[22m[39m[90m 53 |[39m             console[33m.[39merror(error)[33m;[39m
     [90m    |[39m                     [31m[1m^[22m[39m
     [90m 54 |[39m             
     [90m 55 |[39m             [36mif[39m (error [36minstanceof[39m [33mNotFoundException[39m [33m||[39m error [36minstanceof[39m [33mBadRequestException[39m) {
     [90m 56 |[39m                 [36mthrow[39m error[33m;[39m[0m

      at ProgressService.addProgressOnline (src/progress/progress.service.ts:53:21)
      at ProgressController.addProgressOnline (src/progress/progress.controller.ts:23:16)

  console.error
    NotFoundException: Bimbingan tidak ditemukan untuk mahasiswa ini
        at ProgressService.allProgressOnline (C:\Users\hp\Documents\coolyeah\semester 7\PPSI\bimta-backend\src\progress\progress.service.ts:77:23)
        at ProgressController.allProgressOnline (C:\Users\hp\Documents\coolyeah\semester 7\PPSI\bimta-backend\src\progress\progress.controller.ts:28:16)
        at C:\Users\hp\Documents\coolyeah\semester 7\PPSI\bimta-backend\node_modules\@nestjs\core\router\router-execution-context.js:46:28
        at C:\Users\hp\Documents\coolyeah\semester 7\PPSI\bimta-backend\node_modules\@nestjs\core\router\router-proxy.js:9:17 {
      response: {
        message: 'Bimbingan tidak ditemukan untuk mahasiswa ini',
        error: 'Not Found',
        statusCode: 404
      },
      status: 404,
      options: {}
    }

    [0m [90m 124 |[39m             [36mreturn[39m all[33m;[39m
     [90m 125 |[39m         } [36mcatch[39m (error) {
    [31m[1m>[22m[39m[90m 126 |[39m             console[33m.[39merror(error)[33m;[39m
     [90m     |[39m                     [31m[1m^[22m[39m
     [90m 127 |[39m             
     [90m 128 |[39m             [36mif[39m (error [36minstanceof[39m [33mNotFoundException[39m [33m||[39m error [36minstanceof[39m [33mBadRequestException[39m) {
     [90m 129 |[39m                 [36mthrow[39m error[33m;[39m[0m

      at ProgressService.allProgressOnline (src/progress/progress.service.ts:126:21)
      at ProgressController.allProgressOnline (src/progress/progress.controller.ts:28:16)
      at node_modules/@nestjs/core/router/router-execution-context.js:46:28
      at node_modules/@nestjs/core/router/router-proxy.js:9:17

  console.log
    ≡ƒöì Attempting to mark as read: PROG100

      at ProgressService.markAsRead (src/progress/progress.service.ts:238:21)

  console.log
    ≡ƒôè Found progress: {
      progress_id: 'PROG100',
      bimbingan_id: 'B100',
      datetime: 2025-12-24T10:51:41.184Z,
      subject_progress: 'Test Progress',
      file_progress: 'url',
      submit_at: 2025-12-24T10:51:41.182Z,
      file_koreksi: null,
      koreksi_at: null,
      evaluasi_dosen: null,
      note_mahasiswa: null,
      status_progress: 'unread',
      jenis_bimbingan: 'online',
      revisi_number: 0,
      parent_progress_id: null,
      file_name: 'test.pdf'
    }

      at ProgressService.markAsRead (src/progress/progress.service.ts:244:21)

  console.log
    Γ£à Successfully updated to read: {
      progress_id: 'PROG100',
      bimbingan_id: 'B100',
      datetime: 2025-12-24T10:51:41.184Z,
      subject_progress: 'Test Progress',
      file_progress: 'url',
      submit_at: 2025-12-24T10:51:41.182Z,
      file_koreksi: null,
      koreksi_at: null,
      evaluasi_dosen: null,
      note_mahasiswa: null,
      status_progress: 'read',
      jenis_bimbingan: 'online',
      revisi_number: 0,
      parent_progress_id: null,
      file_name: 'test.pdf'
    }

      at ProgressService.markAsRead (src/progress/progress.service.ts:259:25)

  console.log
    ≡ƒöì Attempting to mark as read: PROG100

      at ProgressService.markAsRead (src/progress/progress.service.ts:238:21)

  console.log
    ≡ƒôè Found progress: {
      progress_id: 'PROG100',
      bimbingan_id: 'B100',
      datetime: 2025-12-24T10:51:41.202Z,
      subject_progress: 'Test Progress',
      file_progress: 'url',
      submit_at: 2025-12-24T10:51:41.201Z,
      file_koreksi: null,
      koreksi_at: null,
      evaluasi_dosen: null,
      note_mahasiswa: null,
      status_progress: 'read',
      jenis_bimbingan: 'online',
      revisi_number: 0,
      parent_progress_id: null,
      file_name: 'test.pdf'
    }

      at ProgressService.markAsRead (src/progress/progress.service.ts:244:21)

  console.log
    ≡ƒöì Attempting to mark as read: FAKE_PROGRESS_ID

      at ProgressService.markAsRead (src/progress/progress.service.ts:238:21)

  console.log
    ≡ƒôè Found progress: null

      at ProgressService.markAsRead (src/progress/progress.service.ts:244:21)

  console.error
    Γ¥î Error in markAsRead: NotFoundException: Progress dengan ID FAKE_PROGRESS_ID tidak ditemukan
        at ProgressService.markAsRead (C:\Users\hp\Documents\coolyeah\semester 7\PPSI\bimta-backend\src\progress\progress.service.ts:247:23)
        at ProgressController.markAsRead (C:\Users\hp\Documents\coolyeah\semester 7\PPSI\bimta-backend\src\progress\progress.controller.ts:43:16)
        at C:\Users\hp\Documents\coolyeah\semester 7\PPSI\bimta-backend\node_modules\@nestjs\core\router\router-execution-context.js:46:28
        at C:\Users\hp\Documents\coolyeah\semester 7\PPSI\bimta-backend\node_modules\@nestjs\core\router\router-proxy.js:9:17 {
      response: {
        message: 'Progress dengan ID FAKE_PROGRESS_ID tidak ditemukan',
        error: 'Not Found',
        statusCode: 404
      },
      status: 404,
      options: {}
    }

    [0m [90m 273 |[39m             
     [90m 274 |[39m         } [36mcatch[39m (error) {
    [31m[1m>[22m[39m[90m 275 |[39m             console[33m.[39merror([32m'Γ¥î Error in markAsRead:'[39m[33m,[39m error)[33m;[39m
     [90m     |[39m                     [31m[1m^[22m[39m
     [90m 276 |[39m             
     [90m 277 |[39m             [36mif[39m (error [36minstanceof[39m [33mNotFoundException[39m) {
     [90m 278 |[39m                 [36mthrow[39m error[33m;[39m[0m

      at ProgressService.markAsRead (src/progress/progress.service.ts:275:21)
      at ProgressController.markAsRead (src/progress/progress.controller.ts:43:16)
      at node_modules/@nestjs/core/router/router-execution-context.js:46:28
      at node_modules/@nestjs/core/router/router-proxy.js:9:17

  console.log
    ≡ƒöì Submitting koreksi for: PROG100

      at ProgressService.submitKoreksi (src/progress/progress.service.ts:291:21)

  console.log
    ≡ƒô¥ DTO: { evaluasi_dosen: 'BAB 1 sudah baik', status_progress: 'done' }

      at ProgressService.submitKoreksi (src/progress/progress.service.ts:292:21)

  console.log
    ≡ƒôÄ File: No file

      at ProgressService.submitKoreksi (src/progress/progress.service.ts:293:21)

  console.log
    Γ£à Progress updated: {
      progress_id: 'PROG100',
      bimbingan_id: 'B100',
      datetime: 2025-12-24T10:51:41.235Z,
      subject_progress: 'BAB 1 Pendahuluan',
      file_progress: 'https://example.com/bab1.pdf',
      submit_at: 2025-12-24T10:51:41.234Z,
      file_koreksi: null,
      koreksi_at: 2025-12-24T10:51:41.244Z,
      evaluasi_dosen: 'BAB 1 sudah baik',
      note_mahasiswa: 'Mohon review',
      status_progress: 'done',
      jenis_bimbingan: 'online',
      revisi_number: 0,
      parent_progress_id: null,
      file_name: 'bab1.pdf'
    }

      at ProgressService.submitKoreksi (src/progress/progress.service.ts:336:21)

  console.log
    ≡ƒöì Submitting koreksi for: PROG100

      at ProgressService.submitKoreksi (src/progress/progress.service.ts:291:21)

  console.log
    ≡ƒô¥ DTO: {
      evaluasi_dosen: 'Perlu perbaikan pada bagian metodologi',
      status_progress: 'need_revision'
    }

      at ProgressService.submitKoreksi (src/progress/progress.service.ts:292:21)

  console.log
    ≡ƒôÄ File: koreksi.pdf

      at ProgressService.submitKoreksi (src/progress/progress.service.ts:293:21)

  console.log
    ≡ƒôñ Uploading koreksi file...

      at ProgressService.submitKoreksi (src/progress/progress.service.ts:319:25)

  console.log
    Γ£à File uploaded: https://mock-supabase-url.com/progress-files/test-file.pdf

      at ProgressService.submitKoreksi (src/progress/progress.service.ts:322:25)

  console.log
    Γ£à Progress updated: {
      progress_id: 'PROG100',
      bimbingan_id: 'B100',
      datetime: 2025-12-24T10:51:41.258Z,
      subject_progress: 'BAB 1 Pendahuluan',
      file_progress: 'https://example.com/bab1.pdf',
      submit_at: 2025-12-24T10:51:41.256Z,
      file_koreksi: 'https://mock-supabase-url.com/progress-files/test-file.pdf',
      koreksi_at: 2025-12-24T10:51:41.265Z,
      evaluasi_dosen: 'Perlu perbaikan pada bagian metodologi',
      note_mahasiswa: 'Mohon review',
      status_progress: 'done',
      jenis_bimbingan: 'online',
      revisi_number: 0,
      parent_progress_id: null,
      file_name: 'bab1.pdf'
    }

      at ProgressService.submitKoreksi (src/progress/progress.service.ts:336:21)

  console.log
    ≡ƒöì Submitting koreksi for: PROG100

      at ProgressService.submitKoreksi (src/progress/progress.service.ts:291:21)

  console.log
    ≡ƒô¥ DTO: { evaluasi_dosen: 'Perlu revisi', status_progress: 'need_revision' }

      at ProgressService.submitKoreksi (src/progress/progress.service.ts:292:21)

  console.log
    ≡ƒôÄ File: No file

      at ProgressService.submitKoreksi (src/progress/progress.service.ts:293:21)

  console.error
    Γ¥î Error in submitKoreksi: BadRequestException: File koreksi wajib diupload untuk status revisi
        at ProgressService.submitKoreksi (C:\Users\hp\Documents\coolyeah\semester 7\PPSI\bimta-backend\src\progress\progress.service.ts:312:23)
        at ProgressController.submitKoreksi (C:\Users\hp\Documents\coolyeah\semester 7\PPSI\bimta-backend\src\progress\progress.controller.ts:61:16) {
      response: {
        message: 'File koreksi wajib diupload untuk status revisi',
        error: 'Bad Request',
        statusCode: 400
      },
      status: 400,
      options: {}
    }

    [0m [90m 345 |[39m             
     [90m 346 |[39m         } [36mcatch[39m (error) {
    [31m[1m>[22m[39m[90m 347 |[39m             console[33m.[39merror([32m'Γ¥î Error in submitKoreksi:'[39m[33m,[39m error)[33m;[39m
     [90m     |[39m                     [31m[1m^[22m[39m
     [90m 348 |[39m             
     [90m 349 |[39m             [36mif[39m (error [36minstanceof[39m [33mNotFoundException[39m [33m||[39m error [36minstanceof[39m [33mBadRequestException[39m) {
     [90m 350 |[39m                 [36mthrow[39m error[33m;[39m[0m

      at ProgressService.submitKoreksi (src/progress/progress.service.ts:347:21)
      at ProgressController.submitKoreksi (src/progress/progress.controller.ts:61:16)

  console.log
    ≡ƒöì Submitting koreksi for: FAKE_PROGRESS_ID

      at ProgressService.submitKoreksi (src/progress/progress.service.ts:291:21)

  console.log
    ≡ƒô¥ DTO: { evaluasi_dosen: 'Test', status_progress: 'done' }

      at ProgressService.submitKoreksi (src/progress/progress.service.ts:292:21)

  console.log
    ≡ƒôÄ File: No file

      at ProgressService.submitKoreksi (src/progress/progress.service.ts:293:21)

  console.error
    Γ¥î Error in submitKoreksi: NotFoundException: Progress dengan ID FAKE_PROGRESS_ID tidak ditemukan
        at ProgressService.submitKoreksi (C:\Users\hp\Documents\coolyeah\semester 7\PPSI\bimta-backend\src\progress\progress.service.ts:307:23)
        at ProgressController.submitKoreksi (C:\Users\hp\Documents\coolyeah\semester 7\PPSI\bimta-backend\src\progress\progress.controller.ts:61:16) {
      response: {
        message: 'Progress dengan ID FAKE_PROGRESS_ID tidak ditemukan',
        error: 'Not Found',
        statusCode: 404
      },
      status: 404,
      options: {}
    }

    [0m [90m 345 |[39m             
     [90m 346 |[39m         } [36mcatch[39m (error) {
    [31m[1m>[22m[39m[90m 347 |[39m             console[33m.[39merror([32m'Γ¥î Error in submitKoreksi:'[39m[33m,[39m error)[33m;[39m
     [90m     |[39m                     [31m[1m^[22m[39m
     [90m 348 |[39m             
     [90m 349 |[39m             [36mif[39m (error [36minstanceof[39m [33mNotFoundException[39m [33m||[39m error [36minstanceof[39m [33mBadRequestException[39m) {
     [90m 350 |[39m                 [36mthrow[39m error[33m;[39m[0m

      at ProgressService.submitKoreksi (src/progress/progress.service.ts:347:21)
      at ProgressController.submitKoreksi (src/progress/progress.controller.ts:61:16)

node.exe : FAIL test/progress/p
rogress.e2e-spec.ts
At line:1 char:1
+ & "C:\Program 
Files\nodejs/node.exe" 
"C:\Program 
Files\nodejs/node_mo ...
+ ~~~~~~~~~~~~~~~~~~~~~~~~~~~~~
~~~~~~~~~~~~~~~~~~~~~~~~~~~~~~~
~~~~~~~~~
    + CategoryInfo          :  
   NotSpecified: (FAIL test/p  
  rogress/progress.e2e-spec.   
 ts:String) [], RemoteExcep    
tion
    + FullyQualifiedErrorId :  
   NativeCommandError
 
  PROGRESS system testing (e2e)
    POST 
/progress/add/:mahasiswa_id
      ΓêÜ should add progress 
online successfully (83 ms)
      ΓêÜ should fail if 
mahasiswa has no bimbingan (50 
ms)
      ΓêÜ should fail if file 
is not PDF (10 ms)
      ΓêÜ should fail 
validation if subject_progress 
is empty (10 ms)
    GET /progress/:mahasiswa_id
      ΓêÜ should return all 
progress for mahasiswa (15 ms)
      ΓêÜ should fail if 
mahasiswa has no bimbingan (21 
ms)
      ΓêÜ should return empty 
array if no progress found (11 
ms)
    GET 
/progress/dosen/:dosen_id
      ΓêÜ should return all 
progress from dosen bimbingan 
(14 ms)
      ΓêÜ should return empty 
array if dosen has no 
bimbingan (12 ms)
    GET 
/progress/pending/:dosen_id
      ΓêÜ should count pending 
reviews correctly (14 ms)
      ΓêÜ should return 0 if 
no pending reviews (10 ms)
    PATCH /progress/mark-read/:
progress_id
      ΓêÜ should mark progress 
as read (17 ms)
      ΓêÜ should return 
success if already read (15 ms)
      ├ù should fail if 
progress not found (18 ms)
    POST 
/progress/koreksi/:progress_id
      ΓêÜ should approve 
progress (status done) (22 ms)
      ΓêÜ should submit 
koreksi with file (22 ms)
      ΓêÜ should fail if 
need_revision without file (19 
ms)
      ├ù should fail if 
progress not found (19 ms)
      ΓêÜ should fail if file 
is not PDF (13 ms)
      ΓêÜ should fail 
validation if evaluasi_dosen 
is empty (12 ms)

  ΓùÅ PROGRESS system testing 
(e2e) ΓÇ║ PATCH /progress/mark-
read/:progress_id ΓÇ║ should 
fail if progress not found

    expect(received).toContain(
expected) // indexOf

    Expected substring: 
"Progress tidak ditemukan"
    Received string:    
"Progress dengan ID 
FAKE_PROGRESS_ID tidak 
ditemukan"

    [0m [90m 367 |[39m
     [90m 368 |[39m       exp
ect(res[33m.[39mbody)[33m.[
39mtoHaveProperty([32m'message
'[39m)[33m;[39m
    [31m[1m>[22m[39m[90m 
369 |[39m       expect(res[33
m.[39mbody[33m.[39mmessage)
[33m.[39mtoContain([32m'Progr
ess tidak 
ditemukan'[39m)[33m;[39m
     [90m     |[39m          
                      
[31m[1m^[22m[39m
     [90m 370 |[39m     
})[33m;[39m
     [90m 371 |[39m   
})[33m;[39m
     [90m 372 |[39m[0m

      at Object.<anonymous> (te
st/progress/progress.e2e-spec.t
s:369:32)

  ΓùÅ PROGRESS system testing 
(e2e) ΓÇ║ POST 
/progress/koreksi/:progress_id 
ΓÇ║ should fail if progress 
not found

    expect(received).toContain(
expected) // indexOf

    Expected substring: 
"Progress tidak ditemukan"
    Received string:    
"Progress dengan ID 
FAKE_PROGRESS_ID tidak 
ditemukan"

    [0m [90m 468 |[39m
     [90m 469 |[39m       exp
ect(res[33m.[39mbody)[33m.[
39mtoHaveProperty([32m'message
'[39m)[33m;[39m
    [31m[1m>[22m[39m[90m 
470 |[39m       expect(res[33
m.[39mbody[33m.[39mmessage)
[33m.[39mtoContain([32m'Progr
ess tidak 
ditemukan'[39m)[33m;[39m
     [90m     |[39m          
                      
[31m[1m^[22m[39m
     [90m 471 |[39m     
})[33m;[39m
     [90m 472 |[39m
     [90m 473 |[39m     
it([32m'should fail if file 
is not PDF'[39m[33m,[39m 
[36masync[39m () 
[33m=>[39m {[0m

      at Object.<anonymous> (te
st/progress/progress.e2e-spec.t
s:470:32)

Test Suites: 1 failed, 1 total
Tests:       2 failed, 18 
passed, 20 total
Snapshots:   0 total
Time:        2.65 s, estimated 
3 s
Ran all test suites matching 
progress.e2e-spec.
